02b60002000002200003f7a00000001600000001d66457aa2bbe1253624e08711e1b19c5f5787598aba2b6ee5b04f8d70778787a7df140ca66bad6236acf97709b57c3dd9a3d9b8ec3bc78f3765d5aeedb548cdad3b885ee347d28ea73d0a48f7b9e15c5643ffb38af4d9701950aaa0570cb09f98a16ecef2f57f8427676f6e5e72340b24f57e531dc155ee49bd50c8f95d7914e5b2a5b519f408a2e1cbc4901995bbbb129553fb57cdc76d23c286a7bebaa110a09d8be4dc5797077efaa10e2d48cab5e942fcaefe8df90dd693bd6d2c1c9490c000000000fcf3c721510e9246593e06e63813304c3b10759fce1e3ad2db607ae10963ba1921c14e331998a1929d393704c491aa941cc6012ccf042220cb931753d782306a6687613dc24161a733475626dd66abab0ef9f2c3b32b7322a1023c22f4ab60bbc71eccebca5ad479af8edaabec51a23f7d626a5b88558ff58869a2c5dd0b682aa60631d7808a82d25e45bde6c74f386faf782c8a327cdae4e91375be96067a68ba516bc6c283e04ff71718f1bef0baec8a6dd306f2d587ca7c6807c863a75979d6c67ec9d8bdae179563e4b300b30849eb19577fcbd0eece2464986e8d19e6574e391c4096a5d99ff3d3cd722494dda9931e88e0a094e5b516d38fde78eb6af8f4e81fe147f43f842e9201b045f6b90cdfb02017dfc306999c67e4d1be2987c08ba630adb741e9ba054421c0dfb4b0088757545caa66689237bd24f3a6a636418d207e945d66e7d81905439041927aa5c126953b8dfc2e3e8948a939ecb2c7f9cd55062008c067e21c23525759b13d66908c72641eb0bf7cf8e18004057a08fb0c1b680c491e17af9fe4f37790963fccd93bb2991dc6ce1b01864ec9d33e279b71d6aee393f8758af61f569859730b24783bf9599fed8fe20ca3e1118dd9f560148ae5501552a612d2924031047673511e88a924205c79ae73639cdd67b8ae3021e00050000000000000000000000000000000000000000000000000000000000000002828fa98bc209cd69f0307f6f5e2ac7357e0c57f48b265433d60c040ab80b447e4353fd7f515f4c161bd02fe9fc1ebe80e9817cbe602d77194b23a74bc5351f3802c47e9e8d89afcf6a6fb16052c207668b349db30751f257f29b4432840446acbe943da496e9150a33fec7e1ca417b19d74699f28af66bd26fe2b2d27e4a40ff21000000000000000000000000000000000000000000000000010000000000000000000200ff00000000000015aec47e9e8d89afcf6a6fb16052c207668b349db30751f257f29b4432840446acbeff00000000000015ae943da496e9150a33fec7e1ca417b19d74699f28af66bd26fe2b2d27e4a40ff2102ef307bf1703bddcb8d9979afb1edf39c0f46e21e2ee040e75fc0bcd5de57911c6e917586eab0830ced2cd4148ed5d64717fbc98f8aecc5fde3e5074dc8550d0002fb0cfe27bb4834941a1e9937a6a0c019b2eccd13c3fad6f3fd3671f2e60e6699b2af49aeb48b61456cfa6ca3e8ac9ba76bd4babda7a242f75fb03d0d2d3e7f04020051c6467072f690afbe37e1e4adb317ed1cba06063f479bdae2d0fb8a4713b15a8601dad64e3d499bb8d32806eaaafbdafa13cb69ac464bc9178498ad71b3bb0901651766555442ce34f43e4a13da5acac406bc59bef990bd031d8055e913db6a55b8ddda5cae02b59b1960879e0d3054bfa1543d63db83d57ea79a41f21e2bb909
