---
blockchain_configuration:
  block0_date: 1567072873
  discrimination: test
  block0_consensus: bft
  consensus_leader_ids:
    - ed25519_pk1whjpwnw43q39fqyx79asxl8vkrhgv5tt05f5qz5qepttf0d00lssltq7fg
    - ed25519_pk1vvwp2s0n5jl5f4xcjurp2e92sj2awehkrydrlas4vgqr7xzt33jsadha32
  linear_fees:
    constant: 2
    coefficient: 1
    certificate: 4
  slots_per_epoch: 720
  slot_duration: 5
  kes_update_speed: 43200
  consensus_genesis_praos_active_slot_coeff: "0.100"
  bft_slots_ratio: "0.220"
  max_number_of_transactions_per_block: ~
  epoch_stability_depth: ~
  treasury: ~
  rewards: ~
initial:
  - fund:
      - address: ca1s4uxkxptz3zx7akmugkmt4ecjjd3nmzween2qfr5enhzkt37tdt4ugqz89h
        value: 100000000000
  - cert: signedcert1qvqqqqqqqqqqqqqqqqqqq0xsn2eqqqqqqqqqqqqqqqqqqqqqqqqqzqqqqqqhs6cc9v2ygmmkm03zmdwh8z2fkx0vfm8xdgpywnxwu2ew8ed4whsqqqqqqqqqqqqqqqqqqqqqqqqqqqqqqqqqqqqqzqqqqqqqqqqqqzwxdgeeeq6yly30cvsxedw6aq22t9xqza7axg6uy4xecsy6vkuq3928nrp5gp9a9pfgulzzgxk3ccucnk43jycwqfudsjcxngg3zn3tqyqy36t92j4m2c9uqppztzf8e6ntddn2uqg9thhfst8xvzxrch7jnagp0jd0zsya8vp7zfdusg7lnkt6cqphj6dh37nl4ff2u3e8gu43psfnkp55
  - cert: signedcert1q9uxkxptz3zx7akmugkmt4ecjjd3nmzween2qfr5enhzkt37tdt4uqdnqw94kel7nswzsjcjf9qkhun2xncx806esclrpkwevyy9w9s3jf6tg83rdzeallukxlk0dkdfsgyeav87mes4gdut4tw8r06zqxk4qcqx43wsqcfzuktm23x66n3pmz6tfzdgutya73styk22fwsl2rgp5e6asx
  - legacy_fund:
      - address: DdzFFzCqrht5TM5GznWhJ3GTpKawtJuA295F8igwXQXyt2ih1TL1XKnZqRBQBoLpyYVKfNKgCXPBUYruUneC83KjGK6QNAoBSqRJovbG
        value: 100000000000