ed25519_sig1spmuf9mahqvgkv3a9prf0phrf3zk666pcngk6q0ywu9xfar7sunr6qmladu8rntmdguraz3pnfj0knr7c5k9jjul4zt893ll8qsexrq96nffp