ed25519e_sk1wzuwptdq7y7eqszadtj48p4a9z7ayxdc5zx76x4gxmhuezmhp4ra5s2e03g4wjydwujwq0acmp9rw6jrhr6p2x9prnpc0dnfkthxtps9029w4
