70b8e0ada0f13d90405d6ae55386bd28bdd219b8a08ded1aa836efcc8b770d47da41597c5157488d7724e03fb8d84a376a43b8f41518a11cc387b669b2ee6586
