ed25519_pk10p43s2c5g3hhdklz9k6awwy5nvv7cnkwv6szgaxvac4ju0jm2a0qyf6j8v
