00c002000102ff0000000000000064786b182b14446f76dbe22db5d738949b19ec4ece66a02474ccee2b2e3e5b575e85a670453a1990552003ccca84c6f9974f69561709cb2fabd3d1594e89cc9c0b46000000000000003285786b182b14446f76dbe22db5d738949b19ec4ece66a02474ccee2b2e3e5b575e000000000000002b02ffd45e56ee8a4709f33f9fea91a4bf3af32608c896e4a606b47eccc6551bf6b9871728c59b316063c6041b4faf979ca8d842570cc5d8d4db88e2dbd3d3a8170d
