witness1qtlaghjka69ywz0n87074ydyhua0xfsgeztwffsxk3lve3j4r0mtnpch9rzekvtqv0rqgx6047tee2xcgftse3wc6ndc3ckm60f6s9cdxwr7gj
