260d1f43854062f558036da376196a35ecf482515dbe88ba4d8109bbdf34c52c
